// Jest Snapshot v1, https://goo.gl/fbAQLP

exports[`CompetenceGoal Model Test Competence Goal saveActive 1`] = `
Object {
  "__v": 0,
  "_id": "5c5374d8f50c288058899c36",
  "competence": "uprzejmość",
  "name": "mówić dzień dobry brudnej babie",
  "perfHistory": Array [],
  "performance": Object {
    "_id": "5c5374d8f50c288058899c37",
    "_whenToAddDayPerf": 2019-02-06T23:00:00.000Z,
    "goalDayPerf": Array [
      GoalDayPerf {
        "date": 2019-01-30T23:00:00.000Z,
        "perfCount": 0,
        "targetIsDone": false,
      },
      GoalDayPerf {
        "date": 2019-01-31T23:00:00.000Z,
        "perfCount": 0,
        "targetIsDone": false,
      },
      GoalDayPerf {
        "date": 2019-02-01T23:00:00.000Z,
        "perfCount": 0,
        "targetIsDone": false,
      },
      GoalDayPerf {
        "date": 2019-02-02T23:00:00.000Z,
        "perfCount": 0,
        "targetIsDone": false,
      },
      GoalDayPerf {
        "date": 2019-02-03T23:00:00.000Z,
        "perfCount": 0,
        "targetIsDone": false,
      },
      GoalDayPerf {
        "date": 2019-02-04T23:00:00.000Z,
        "perfCount": 0,
        "targetIsDone": false,
      },
      GoalDayPerf {
        "date": 2019-02-05T23:00:00.000Z,
        "perfCount": 0,
        "targetIsDone": false,
      },
      GoalDayPerf {
        "date": 2019-02-06T23:00:00.000Z,
        "perfCount": 0,
        "targetIsDone": false,
      },
    ],
  },
  "status": "ACTIVE",
  "target": 1,
}
`;
